// Jest Snapshot v1, https://goo.gl/fbAQLP

exports[`Legend renders as expected and matches snapshot 1`] = `
<div
  class="legend-block"
>
  <h3>
    Legend
  </h3>
  <p>
    <img
      class="leaflet-marker-icon"
      src="https://unpkg.com/leaflet@1.3.4/dist/images/marker-icon-2x.png"
    />
     — Healthy station
  </p>
  <p>
    <img
      class="leaflet-marker-icon"
      src="https://unpkg.com/leaflet@1.3.4/dist/images/marker-icon-2x.png"
      style="opacity: 0.5"
    />
     — Near-empty station
  </p>
  <span
    class="note"
  >
    Markers are clickable for details
  </span>
</div>
`;
