// Jest Snapshot v1, https://goo.gl/fbAQLP

exports[`Sidebar renders children and matches snapshot 1`] = `
<aside
  class="sidebar"
>
  I am inside sidebar!
</aside>
`;
