// Jest Snapshot v1, https://goo.gl/fbAQLP

exports[`App smoke renders and matches snapshot 1`] = `
<div
  id="app"
>
  <aside
    class="sidebar"
  >
    <h1
      class="logo-block"
    >
      Hike to aÂ bike
    </h1>
    <input
      class="searchbar"
      onChange={[Function]}
      type="text"
      value={
        Array [
          39.953,
          -75.171,
        ]
      }
    />
  </aside>
  <div
    class="stations-map"
    id="stations-map"
  />
</div>
`;
